[OK] collected=50 -> data/comments.csv (dedup)
[1] 2026-08-11T01:14:42+00:00 | - | [#c9zy] 表に骨と知信ステ変遺物、夜侵入。裏に属性攻撃力×3と撃破アーツ二種類。この構成で聖印も魔術も混成も使える汎用隠者いけますかね？ 2026-08-
[2] 2026-08-11T01:21:46+00:00 | - | [#3bz3] FPカバー無しはきついと思うけど知信ステ外した方がいいんじゃない？ 2026-08-11 (火) 10:21:46 [ID:m-teaa-331
[3] 2026-08-11T02:21:59+00:00 | - | [#7cse] いけると思うが強くない。 このページのビルド例の基本型と、おすすめ魔術/祈祷と言いながら魔術しか載ってないところを見てほしい。 それだけ祈祷はガ
[4] 2026-08-11T02:26:15+00:00 | - | [#32f1] 同じくFP補助無しだと知信ステ変は相当窮屈になるから積まない方がいいと思う。封牢積むほうが幾分かマシくらい。 2026-08-11 (火) 11
[5] 2026-08-11T02:27:16+00:00 | - | [#e7fb] 強くはないけど全然やれる範疇、溶岩弾や聖印出やすいもあると混成が捗るね。撃破アーツあるならファーム中のFPはほとんど気にならん。祈祷はブレが大き
[6] 2026-08-11T03:26:35+00:00 | - | [#48tw] 知信ステ変はアーツ2種でもFPケアしないと厳しそう 魔法と信仰振る以上どんなの来ても対応しときたい 属性弓でもいいけどあまり出ないし 2026-
[7] 2026-08-11T04:12:03+00:00 | - | [#9ykw] 知信ステ変は裏に属攻+2と同時に組んで、表で魔魔術師塔か杖3でFPケアがオススメですね 2026-08-11 (火) 13:12:03 [ID:
[8] 2026-08-11T05:04:44+00:00 | - | [#l22q] 意見ありがとうございます！知信ステ変はよほどいい遺物ないと取り回しの悪さが目立っちゃう感じなんですね。 代わりの表遺物はどんな効果がおすすめでし
[9] 2026-08-11T05:22:16+00:00 | - | [#67mo] 知信ステ変は信仰も伸びるから活かしたくなるのもわかるが、信仰を活かしている間はせっかくの知力を遊ばせているわけで。FPが尽きてDPSが落ちるまで
[10] 2026-08-11T22:09:05+00:00 | - | [#6qa3] これまでの話の流れは知信ステ変のコンセプトで混成魔法の強化及び有効活用だから魔力特化とは別の話だよ。それなら特化6積みでfa 2026-08-1
[11] 2026-08-11T23:25:51+00:00 | - | [#c9ef] 素で片方は遊んでる状態だし、あえてステ変積むなら祈祷や混成も使いたくなるけどね。 2026-08-12 (水) 08:25:51 [ID:p-c
[12] 2026-08-12T02:56:36+00:00 | - | [#67ph] たとえ深度5の野良でも魔力12〜特化4〜みたいに極端な火力は要求しないし、知信ステ変+属性積みだけでも十分すぎるほど強いって。 2026-08-
[13] 2026-08-12T06:08:51+00:00 | - | [#43p3] 混成魔法でドパ隠者するのは勝手だけどちゃんとvictoryできるように修錬積もうな 2026-08-12 (水) 15:08:51 [ID:m-
[14] 2026-08-12T09:28:21+00:00 | - | [#3627] こういう慣れてないプレーヤーを萎縮させるような嫌味いうやつなんなのほんと。面白いと思ってんの？ 2026-08-12 (水) 18:28:21 
[15] 2026-08-13T07:42:46+00:00 | - | [#1vcd] Victoryできてない時点で連帯責任では…。 2026-08-13 (木) 16:42:46 [ID:p-9eud-97d9-90ak]
[16] 2026-08-13T09:30:14+00:00 | - | [#85cm] 混成といえば魔単が過小評価されているのではという気もする。硬直が短い上にロックしていれば適当に撃っても必中で位置取りに時間がかからない。騎士を怯
[17] 2026-08-13T10:21:43+00:00 | - | [#ci3j] もちろん敢えて狙う価値があるほど強いというわけではなく、最低保証にしては上々ってことね。魔単以外も味方が付けた/味方に付いた野生の属性痕が拾えた
[18] 2026-08-14T12:23:33+00:00 | - | [#ez6c] 引き撃ちもできるし、モーション手早く、攻撃が持続するから扱いやすさで魔単いいですよね。手早いから回転いいし、騎士の怯ませもできて、詠唱回避する軽
[19] 2026-08-13T09:30:52+00:00 | - | [#biua] 雷魔法がないことを定期的に思い出して悔しがってる。初期雷魔法あったらもっと遊べるのに。 2026-08-13 (木) 18:30:52 [ID:
[20] 2026-08-13T10:23:04+00:00 | - | [#79gd] 自分だけで雷と聖を入手するの難しすぎるんだよね。店売り武器だと属性痕回収に時間かかりすぎ+味方の上書きで失敗とかあるし。本格的に混成魔法で遊びた
[21] 2026-08-14T09:50:25+00:00 | - | [#c2i4] さっき2600時間もプレイしてる隠者が罪人遺跡で開幕アーツ打って地獄見たんだけど、流行ってるの…？今週3回もアーツぶっぱする隠者居て嫌いになりそ
[22] 2026-08-14T11:46:14+00:00 | - | [#80ux] 地獄になったのなら、間違いなくそのひとたちは反省して、 使ったらマズくなる状況と場所の基本は見直した方がいい。 遺跡入口で雑魚が来て面倒にならな
[23] 2026-08-14T16:56:51+00:00 | - | [#dgyi] 隠者2000回以上使ってる人の汎用隠者構成って奴が裏遺物に属性+0とか属性+1並んでて他は魔力+3だけっていうのを見たことあるから、プレイ時間と
[24] 2026-08-19T07:41:06+00:00 | - | [#e0a5] 多分2600時間やってるだけで、メインキャラは別キャラだったんじゃないですかね？ちょっと深き夜で隠者触っていれば災域だの敵の多いとこで隠者アーツ
[25] 2026-08-20T23:58:20+00:00 | - | [#3ovj] 仲間に獣復いたんじゃないの？あえて地獄にさせることでアーツを吐かせるために。 ファームでなかなかアーツを吐かない＆アーツが貯まってるのを分かって
[26] 2026-08-16T10:09:01+00:00 | - | [#f3yw] ナメレス積んで弓で属性集める混成魔法主体隠者をやってみたいんですけど、遺物は魔術強化盛りでいい感じですかね？？マルチでも出したいけどとりあえずソ
[27] 2026-08-16T13:37:48+00:00 | - | [#7kbr] 属性攻撃の方が弓のダメージが少し上がる。マルチで出すと鉄か追跡者かレディがいるとかなりの頻度で上書きされるから下手するとナメレス遺物いらなくて悲
[28] 2026-08-16T16:28:22+00:00 | - | [#8sq7] 属性攻撃力優先だけど、魔術強化でも大丈夫。弓の攻撃力上げる必要は全くない。フィールドに湧く雑魚を一撃で倒してしまって属性回収がやりにくくなるので
[29] 2026-08-17T01:29:32+00:00 | - | [#48kz] 属性攻撃強化で増える弓のダメージなんて屁だから、魔術のダメージを伸ばす効果のなかで、付けやすい遺物を付けるだけで良いよ 2026-08-17 (
[30] 2026-08-20T12:38:29+00:00 | - | [#6xbm] 魔術+1と属性攻撃+1だと魔術の方が強いけど+2だとどちらも同じ。属性攻撃だと強い祈祷をポロッと拾ったときに強く使える程度。 2026-08-2
[31] 2026-08-18T06:47:22+00:00 | - | [#f4d9] 輝剣が動き回る奴に外れるし面白くないのはわかるが特化すればタメなし最大2000で対夜の王は最強だと思うのになぜ使われないんだろうな ファームはイ
[32] 2026-08-18T10:54:20+00:00 | - | [#30re] 大つぶて出たりすると浮気しがちなのと1番輝いてるのは序盤に行く災域とかボタン押下で反応する人型と戦ってる時だから… 2026-08-18 (火)
[33] 2026-08-19T09:39:49+00:00 | - | [#3d3n] ファームが苦痛なのが答えじゃね 1戦のうち9割はファームなんだから、最後ドパってもイラつくでしょ ドロップ運も絡まないからドパれる要素少ない 2
[34] 2026-08-19T14:28:51+00:00 | - | [#4vc0] 炎攻撃力14積みの溶岩弾特化が面白かった 強くはないけど、ノーロック打ちとライカードの怨霊が出た時がほんと面白かった 詠唱速度2と技量上昇つけれ
[35] 2026-08-20T12:39:51+00:00 | - | [#8miy] 溶岩弾、強化遺物無いから地味だけど雑魚を怯ませる性能高くていいよね。 2026-08-20 (木) 21:39:51 [ID:p-aeem-05
[36] 2026-08-20T10:04:59+00:00 | - | [#ykli] 知信ステ変狂い火の遺物引いたが、これは俺にやれといっているのか 2026-08-20 (木) 19:04:59 [ID:m-ac9x-df6b-
[37] 2026-08-21T03:17:35+00:00 | - | [#5b92] あんた、やっておしまいよ 2026-08-21 (金) 12:17:35 [ID:p-e3if-f7b8-9ini]
[38] 2026-08-21T03:14:18+00:00 | - | [#1lxh] リブラ神秘ステ変目当ての技量ステ変片ハル刀隠者ってどうかな？ リブラ引けないときはガチ隠握って引けたらちいかわ握る感じで リブラ引ければ結構強そ
[39] 2026-08-21T04:05:41+00:00 | - | [#7uq6] サイスすら引けないことがあるのでレア一点狙いは厳しい。リブラステ変でゲームを破壊するならマジブラや技量学者の方がロマンがある 2026-08-2
[40] 2026-08-21T23:10:46+00:00 | - | [#60hg] レディで良くね ステ変した所で素の刀の適正は負けてる上に片ハルだと差は拡がるのにそこまでして隠者使う意味とは 2026-08-22 (土) 08
[41] 2026-08-21T06:51:42+00:00 | - | [#ee8f] 重力特化って安定しなさすぎじゃない？固定枠がレアの隕石の杖だしその辺の杖に重力魔法付いてることなんてほとんどないだろ 今までマッチングした重力隠
[42] 2026-08-21T10:03:11+00:00 | - | [#kjp5] 5割ってそんなもんでしょ。今はレア狙いで2日目強敵マラソンなりがちだからもうちょい確率ありそうだけど 重力に限らず持込みがない特化は上振れの天井
[43] 2026-08-21T10:52:21+00:00 | - | [#9rsw] 特化なら魔力攻撃力や属性攻撃力も一緒についてるはずだからハズれても何も損はない。（各種攻撃力と特定魔術強化は枠が違うため） 2026-08-21
[44] 2026-08-22T08:13:08+00:00 | - | [#48k4] 別の人も言っているけど、特化構成は汎用と同レベルの火力アップ付いてる前提なんで、上振れ火力を狙えないを安定しないと例えるのは適切な表現ではないな
[45] 2026-08-24T07:43:08+00:00 | - | [#2krk] 安定する特定魔術特化なんて輝剣くらいのもん。あとは当然博打よ。博打が外れた時の備えが出来ないならやめとき。生活費でギャンブルはするなって話 20
[46] 2026-08-21T14:05:32+00:00 | - | [#chgi] 砂の魔術師スキンがあればステ変巨人の火ビルドで楽しめそう というか何がとは言わないけどデカいくせにあの衣装がないのは詐欺に近いよ 緑衣の巡礼スキ
[47] 2026-08-23T05:04:22+00:00 | - | [#3o7w] 生命力3を2つ、最大HPで深層の遺物につけたら倍近いHPになって一撃死しない+最大カット引けなくてもワンパンで死ににくくて快適。ストーリー遺物つ
[48] 2026-08-23T09:49:11+00:00 | - | [#3z1o] この遺物構成って極まってくると火力まで両立できるから普通に強いのよね 2026-08-23 (日) 18:49:11 [ID:p-9k1w-24
[49] 2026-08-23T11:14:37+00:00 | - | [#b77n] 表遺物のステ変知信＋３中々良いな 汎用性が高く聖印置場が近ければ魔術だと少ない強靭削り高めの祈祷をサブとして確保出来る 裏は魔術強化でも良いし属
[50] 2026-08-24T08:24:30+00:00 | - | [#2zqn] 物凄く大量に情報あって面倒だけど結局このwikiページ読んだら隠者が何をすると安定して何をすると不安定になって何をすると楽しいのか全部書いてある
